≡ƒº¬ Testing Billing System Components Directly...

≡ƒÜÇ Starting Direct Billing System Tests

≡ƒöî Testing API Endpoints...

Γ£à API Endpoint: app/api/billing/user/overview/route.ts
Γ£à API Endpoint: app/api/billing/user/plans/route.ts
Γ£à API Endpoint: app/api/billing/user/subscription/route.ts
Γ£à API Endpoint: app/api/billing/user/payments/route.ts
Γ£à API Endpoint: app/api/billing/user/cards/route.ts
Γ£à API Endpoint: app/api/billing/user/cards/[id]/route.ts
Γ£à API Endpoint: app/api/billing/user/cards/[id]/default/route.ts
Γ£à API Endpoint: app/api/billing/user/mail-payments/route.ts
Γ£à API Endpoint: app/api/billing/user/change-plan/route.ts
Γ£à API Endpoint: app/api/billing/user/export-payments/route.ts
Γ£à API Endpoint: app/api/stripe/webhooks/route.ts
Γ£à API Endpoint: app/api/stripe/test/connection/route.ts

≡ƒÄ¿ Testing Billing Components...

Γ£à Component: components/billing/BillingOverview.tsx
Γ£à Component: components/billing/PlanManagement.tsx
Γ£à Component: components/billing/PaymentHistory.tsx
Γ£à Component: components/billing/CardManagement.tsx
Γ£à Component: components/billing/MailPayments.tsx

≡ƒôÜ Testing Library Files...

Γ£à Library: lib/database.ts
Γ£à Library: lib/subscription-manager.ts
Γ£à Library: lib/billing-security.ts
Γ£à Library: lib/stripe/config.ts
Γ£à Library: lib/stripe/payments.ts
Γ£à Library: lib/stripe/webhooks.ts
Γ£à Library: lib/types.ts

≡ƒôä Testing Billing Page...

Γ£à Billing Page

ΓÜÖ∩╕Å Testing Specific Functionality...

Γ£à Subscription Manager - createSubscription
Γ£à Subscription Manager - updateSubscriptionPlan
Γ£à Subscription Manager - cancelSubscription
Γ£à Subscription Manager - pauseSubscription
Γ£à Subscription Manager - resumeSubscription
Γ£à Billing Security - validatePaymentData
Γ£à Billing Security - checkSuspiciousActivity
Γ£à Billing Security - validateLuhn
Γ£à Billing Security - recordFailedAttempt
Γ£à Stripe Payments - createPaymentIntent
Γ£à Stripe Payments - createSubscription
Γ£à Stripe Payments - createPaymentMethod
Γ£à Database Service - getUser
Γ£à Database Service - createSubscription
Γ£à Database Service - getPayments
Γ£à Database Service - getCards
Γ£à Database Service - getMailPayments

≡ƒöì Testing API Endpoint Content...

Γ£à Billing Overview API - GET method
Γ£à Billing Overview API - Rate limiting
Γ£à Billing Overview API - Response format
Γ£à Payments API - GET method
Γ£à Payments API - POST method
Γ£à Payments API - Database integration
Γ£à Cards API - GET method
Γ£à Cards API - POST method
Γ£à Cards API - Card validation

≡ƒº¬ Testing Test Files...

Γ£à Billing Test Suite
Γ£à API Test Script
Γ£à Comprehensive Test Script

ΓÜÖ∩╕Å Testing Configuration Files...

Γ£à Deployment Checklist
Γ£à System Documentation

============================================================
≡ƒôè TEST SUMMARY
============================================================
Total Tests: 56
Γ£à Passed: 56
Γ¥î Failed: 0
Success Rate: 100.0%
============================================================
≡ƒÄë ALL TESTS PASSED! Billing system components are properly implemented.
